// Jest Snapshot v1, https://goo.gl/fbAQLP

exports[`component:Header render correctly 1`] = `ReactWrapper {}`;
