// Jest Snapshot v1, https://goo.gl/fbAQLP

exports[`component:Footer render correctly 1`] = `ReactWrapper {}`;
